[metodogdf.com.br/__trashed-2/indexdef5.html]
[backblue.gif]
[fade.gif]
[index.html]
[metodogdf.com.br/wp-includes/css/dist/block-library/style.min9704.css]
[metodogdf.com.br/wp-content/uploads/hurrytimer/css/a248addb15e491d29704.css]
[metodogdf.com.br/wp-content/themes/hello-elementor/style.min0875.css]
[metodogdf.com.br/wp-content/themes/hello-elementor/theme.min0875.css]
[metodogdf.com.br/wp-content/plugins/elementor/assets/css/frontend-lite.min3ab2.css]
[metodogdf.com.br/wp-content/uploads/elementor/css/post-460b4.css]
[metodogdf.com.br/wp-content/plugins/elementor/assets/lib/eicons/css/elementor-icons.min7816.css]
[metodogdf.com.br/wp-content/plugins/elementor-pro/assets/css/frontend.minee9a.css]
[metodogdf.com.br/wp-content/plugins/elementor/assets/lib/font-awesome/css/all.min3ab2.css]
[metodogdf.com.br/wp-content/plugins/elementor/assets/lib/font-awesome/css/v4-shims.min3ab2.css]
[metodogdf.com.br/wp-content/uploads/elementor/css/globalc564.css]
[metodogdf.com.br/wp-content/uploads/elementor/css/post-5132e744.css]
[metodogdf.com.br/wp-content/plugins/happy-elementor-addons/assets/fonts/style.mindae4.css]
[metodogdf.com.br/wp-content/plugins/elementor/assets/lib/font-awesome/css/font-awesome.min1849.css]
[metodogdf.com.br/wp-content/plugins/elementor/assets/lib/font-awesome/css/fontawesome.min52d5.css]
[metodogdf.com.br/wp-content/plugins/elementor/assets/lib/font-awesome/css/solid.min52d5.css]
[metodogdf.com.br/wp-content/plugins/elementor/assets/lib/font-awesome/css/regular.min52d5.css]
[metodogdf.com.br/wp-includes/js/jquery/jquery.minf43b.js]
[metodogdf.com.br/wp-includes/js/jquery/jquery-migrate.min5589.js]
[metodogdf.com.br/wp-content/plugins/elementor/assets/lib/font-awesome/js/v4-shims.min3ab2.js]
[metodogdf.com.br/wp-content/uploads/2022/07/50d9d627-7ff4-4fc9-a591-9d5761431ade-removebg-preview-1.png]
[metodogdf.com.br/wp-content/uploads/2022/07/MENOS-20Kg-4-1024x328.png]
[connect.facebook.net/en_US/fbevents.js]
[metodogdf.com.br/wp-content/plugins/elementor/assets/css/widget-icon-list.min.css]
[metodogdf.com.br/wp-content/uploads/2022/10/71017D-6-1024x1024.png]
[metodogdf.com.br/wp-content/uploads/2022/10/71017D-7-1024x1024.png]
[metodogdf.com.br/__trashed-2/index.html]
[metodogdf.com.br/wp-content/uploads/2022/10/71017D-5-1024x1024.png]
[metodogdf.com.br/wp-content/uploads/2022/10/71017D-1024x1024.png]
[metodogdf.com.br/wp-content/uploads/2022/10/71017D-3-1024x1024.png]
[metodogdf.com.br/wp-content/uploads/2022/10/71017D-2-1024x1024.png]
[metodogdf.com.br/wp-content/uploads/2023/03/Copia-de-Copia-de-OPCAO-NUMERO-2-3-1-1024x1024.png]
[metodogdf.com.br/wp-content/uploads/2023/03/WhatsApp-Image-2023-03-16-at-19.53.07.jpg]
[metodogdf.com.br/wp-content/uploads/2023/03/WhatsApp-Image-2023-03-16-at-19.53.08.jpg]
[metodogdf.com.br/wp-content/uploads/2023/03/WhatsApp-Image-2023-03-16-at-19.53.13-1.jpg]
[metodogdf.com.br/wp-content/uploads/2023/03/WhatsApp-Image-2023-03-16-at-19.53.09.jpg]
[metodogdf.com.br/wp-content/uploads/2023/03/WhatsApp-Image-2023-03-16-at-19.53.13.jpg]
[metodogdf.com.br/wp-content/uploads/2022/10/Screenshot_20220328-140832_2.jpg]
[metodogdf.com.br/wp-content/uploads/2023/03/WhatsApp-Image-2023-03-16-at-19.53.06.jpg]
[metodogdf.com.br/wp-content/uploads/2022/10/Design-sem-nome-8-1.jpg]
[metodogdf.com.br/wp-content/uploads/2022/07/8384468.jpg]
[metodogdf.com.br/wp-content/uploads/2022/07/Screenshot_20220328-150012_2.png]
[metodogdf.com.br/wp-content/uploads/2022/07/Screenshot_20220328-145736_2.png]
[metodogdf.com.br/wp-content/uploads/2022/07/Screenshot_20220328-144412_2.png]
[metodogdf.com.br/wp-content/uploads/2023/03/WhatsApp-Image-2023-03-16-at-19.53.10.jpg]
[metodogdf.com.br/wp-content/uploads/2023/03/WhatsApp-Image-2023-03-16-at-19.53.10-1.jpg]
[metodogdf.com.br/wp-content/uploads/2023/01/2-1.jpg]
[metodogdf.com.br/wp-content/uploads/2023/03/WhatsApp-Image-2023-03-16-at-19.53.14.jpg]
[metodogdf.com.br/wp-content/uploads/2023/03/WhatsApp-Image-2023-03-16-at-19.53.11.jpg]
[metodogdf.com.br/wp-content/uploads/2022/07/Screenshot_20220328-114334_2-1.png]
[metodogdf.com.br/wp-content/uploads/2023/03/WhatsApp-Image-2023-03-16-at-19.53.15.jpg]
[metodogdf.com.br/wp-content/uploads/2023/03/NAO-SE-ILUDA-1-1024x1024.png]
[metodogdf.com.br/wp-content/uploads/2023/03/Copia-de-Copia-de-OPCAO-NUMERO-2-8-1-1024x1024.png]
[metodogdf.com.br/wp-content/uploads/2023/03/NAO-SE-ILUDA-4-1-1024x1024.png]
[metodogdf.com.br/wp-content/uploads/2023/03/Copia-de-Copia-de-OPCAO-NUMERO-2-7-1024x1024.png]
[metodogdf.com.br/wp-content/uploads/2023/03/Captura_de_tela_2023-03-17_104550-removebg-preview.png]
[metodogdf.com.br/wp-content/uploads/2023/04/Design-sem-nome-66-1024x1024.png]
[metodogdf.com.br/wp-content/uploads/2023/03/PLRPRONTO.jpg]
[metodogdf.com.br/wp-content/uploads/2023/03/vslpack.jpg]
[metodogdf.com.br/wp-content/uploads/2023/03/packpvs.jpg]
[metodogdf.com.br/wp-content/uploads/2023/03/Design-sem-nome-55-1-1024x1024.png]
[metodogdf.com.br/wp-content/uploads/2023/03/garantia1-1.jpg]
[metodogdf.com.br/wp-content/plugins/elementor/assets/lib/animations/animations.min3ab2.css]
[metodogdf.com.br/wp-content/plugins/ewww-image-optimizer/includes/lazysizes.min5a53.js]
[metodogdf.com.br/wp-content/plugins/hurrytimer/assets/js/cookie.mina1c3.js]
[metodogdf.com.br/wp-content/plugins/hurrytimer/assets/js/jquery.countdown.min3601.js]
[metodogdf.com.br/wp-content/plugins/hurrytimer/assets/js/hurrytimerde39.js]
[metodogdf.com.br/wp-content/themes/hello-elementor/assets/js/hello-frontend.min8a54.js]
[metodogdf.com.br/wp-content/plugins/happy-elementor-addons/assets/js/happy-addons.mindae4.js]
[metodogdf.com.br/wp-content/plugins/happy-elementor-addons-pro/assets/js/happy-addons-pro2c75.js]
[metodogdf.com.br/wp-content/plugins/elementor-pro/assets/js/webpack-pro.runtime.minee9a.js]
[metodogdf.com.br/wp-content/plugins/elementor/assets/js/webpack.runtime.min3ab2.js]
[metodogdf.com.br/wp-content/plugins/elementor/assets/js/frontend-modules.min3ab2.js]
[metodogdf.com.br/wp-content/plugins/elementor-pro/assets/lib/sticky/jquery.sticky.minee9a.js]
[metodogdf.com.br/wp-content/plugins/elementor-pro/assets/js/frontend.minee9a.js]
[metodogdf.com.br/wp-content/plugins/elementor/assets/lib/waypoints/waypoints.min05da.js]
[metodogdf.com.br/wp-includes/js/jquery/ui/core.minb37e.js]
[metodogdf.com.br/wp-content/plugins/elementor/assets/js/frontend.min3ab2.js]
[metodogdf.com.br/wp-content/plugins/elementor-pro/assets/js/elements-handlers.minee9a.js]
[metodogdf.com.br/__trashed-2/indexdef5.html]
[metodogdf.com.br/wp-includes/css/dist/block-library/style.min9704.css]
[metodogdf.com.br/wp-content/uploads/hurrytimer/css/a248addb15e491d29704.css]
[metodogdf.com.br/wp-content/themes/hello-elementor/style.min0875.css]
[metodogdf.com.br/wp-content/themes/hello-elementor/theme.min0875.css]
[metodogdf.com.br/wp-content/plugins/elementor/assets/css/frontend-lite.min3ab2.css]
[metodogdf.com.br/wp-content/uploads/elementor/css/post-460b4.css]
[metodogdf.com.br/wp-content/plugins/elementor/assets/lib/eicons/css/elementor-icons.min7816.css]
[metodogdf.com.br/wp-content/plugins/elementor-pro/assets/css/frontend.minee9a.css]
[metodogdf.com.br/wp-content/plugins/elementor/assets/lib/font-awesome/css/all.min3ab2.css]
[metodogdf.com.br/wp-content/plugins/elementor/assets/lib/font-awesome/css/v4-shims.min3ab2.css]
[metodogdf.com.br/wp-content/uploads/elementor/css/globalc564.css]
[metodogdf.com.br/wp-content/uploads/2022/07/fundo-1.jpg]
[metodogdf.com.br/wp-content/uploads/elementor/css/post-5132e744.css]
[metodogdf.com.br/wp-content/plugins/happy-elementor-addons/assets/fonts/happy-icons.woff2]
[metodogdf.com.br/wp-content/plugins/happy-elementor-addons/assets/fonts/happy-icons.woff]
[metodogdf.com.br/wp-content/plugins/happy-elementor-addons/assets/fonts/style.mindae4.css]
[metodogdf.com.br/wp-content/plugins/elementor/assets/lib/font-awesome/css/font-awesome.min1849.css]
[metodogdf.com.br/wp-content/plugins/elementor/assets/lib/font-awesome/css/fontawesome.min52d5.css]
[metodogdf.com.br/wp-content/plugins/elementor/assets/lib/font-awesome/css/solid.min52d5.css]
[metodogdf.com.br/wp-content/plugins/elementor/assets/lib/font-awesome/css/regular.min52d5.css]
[metodogdf.com.br/wp-content/plugins/wp-rocket/assets/img/youtube.png]
[metodogdf.com.br/wp-content/plugins/wp-rocket/assets/js/lazyload/16.1/lazyload.min.js]
[metodogdf.com.br/__trashed-2/index.html]
[metodogdf.com.br/wp-content/cache/min/1/b177fc76ea5f62afffb65227e6b45316.js]
[metodogdf.com.br/__trashed-2/POST]
[metodogdf.com.br/__trashed-2/b.resolvedLink]
[metodogdf.com.br/__trashed-2/schema.org/index.html]
[metodogdf.com.br/signals/iwl.js]
[connect.facebook.net/en_US/fbevents.js]
[metodogdf.com.br/wp-content/plugins/elementor/assets/css/widget-icon-list.min.css]
[metodogdf.com.br/wp-content/plugins/elementor/assets/lib/animations/animations.min3ab2.css]
[metodogdf.com.br/wp-content/plugins/happy-elementor-addons/assets/fonts/happy-icons.svg]
[metodogdf.com.br/__trashed-2/POST.html]
[metodogdf.com.br/__trashed-2/schema.org/index.html]
[metodogdf.com.br/__trashed-2/b.html]
[metodogdf.com.br/signals/iwl.html]
